

================================================================
== Vivado HLS Report for 'test'
================================================================
* Date:           Sun Apr 10 23:45:29 2022

* Version:        2019.2.1 (Build 2724168 on Thu Dec 05 05:19:09 MST 2019)
* Project:        out.prj
* Solution:       solution1
* Product family: zynq
* Target device:  xc7z020-clg484-1


================================================================
== Performance Estimates
================================================================
+ Timing: 
    * Summary: 
    +--------+----------+-----------+------------+
    |  Clock |  Target  | Estimated | Uncertainty|
    +--------+----------+-----------+------------+
    |ap_clk  | 10.00 ns | 10.283 ns |   1.25 ns  |
    +--------+----------+-----------+------------+

+ Latency: 
    * Summary: 
    +---------+---------+-----------+-----------+---------+---------+---------+
    |  Latency (cycles) |   Latency (absolute)  |      Interval     | Pipeline|
    |   min   |   max   |    min    |    max    |   min   |   max   |   Type  |
    +---------+---------+-----------+-----------+---------+---------+---------+
    |  6787279|  6787279| 69.794 ms | 69.794 ms |  6787279|  6787279|   none  |
    +---------+---------+-----------+-----------+---------+---------+---------+

    + Detail: 
        * Instance: 
        N/A

        * Loop: 
        +-----------------------------------------------------------+---------+---------+----------+-----------+-----------+--------+----------+
        |                                                           |  Latency (cycles) | Iteration|  Initiation Interval  |  Trip  |          |
        |                         Loop Name                         |   min   |   max   |  Latency |  achieved |   target  |  Count | Pipelined|
        +-----------------------------------------------------------+---------+---------+----------+-----------+-----------+--------+----------+
        |- conv1_pad_not_zero_conv1_pad_index_tuple_conv1_pad_i     |   156515|   156515|        25|          1|          1|  156492|    yes   |
        |- conv1_ff_conv1_yy_reuse_conv1_xx_reuse                   |  4173127|  4173127|        13|          5|          1|  834624|    yes   |
        |- relu1_args0_relu1_args1_relu1_args2                      |   819218|   819218|        20|          1|          1|  819200|    yes   |
        |- pool1_pad_not_zero1_pool1_pad_index_tuple1_pool1_pad_i1  |   819202|   819202|         4|          1|          1|  819200|    yes   |
        |- result_args01_result_args11_result_args21                |   819207|   819207|        12|          4|          1|  204800|    yes   |
        +-----------------------------------------------------------+---------+---------+----------+-----------+-----------+--------+----------+



================================================================
== Utilization Estimates
================================================================
* Summary: 
+-----------------+---------+-------+--------+-------+-----+
|       Name      | BRAM_18K| DSP48E|   FF   |  LUT  | URAM|
+-----------------+---------+-------+--------+-------+-----+
|DSP              |        -|     20|       -|      -|    -|
|Expression       |        -|      0|     160|   7991|    -|
|FIFO             |        -|      -|       -|      -|    -|
|Instance         |        -|      5|    1025|   1288|    -|
|Memory           |     2694|      -|      64|      0|    0|
|Multiplexer      |        -|      -|       -|    981|    -|
|Register         |        0|      -|    5514|    768|    -|
+-----------------+---------+-------+--------+-------+-----+
|Total            |     2694|     25|    6763|  11028|    0|
+-----------------+---------+-------+--------+-------+-----+
|Available        |      280|    220|  106400|  53200|    0|
+-----------------+---------+-------+--------+-------+-----+
|Utilization (%)  |      962|     11|       6|     20|    0|
+-----------------+---------+-------+--------+-------+-----+

+ Detail: 
    * Instance: 
    +-------------------------+----------------------+---------+-------+-----+-----+-----+
    |         Instance        |        Module        | BRAM_18K| DSP48E|  FF | LUT | URAM|
    +-------------------------+----------------------+---------+-------+-----+-----+-----+
    |test_fadd_32ns_32hbi_U1  |test_fadd_32ns_32hbi  |        0|      2|  205|  390|    0|
    |test_fmul_32ns_32ibs_U2  |test_fmul_32ns_32ibs  |        0|      3|  143|  321|    0|
    |test_fpext_32ns_6jbC_U3  |test_fpext_32ns_6jbC  |        0|      0|  100|  138|    0|
    |test_urem_15ns_9nkbM_U4  |test_urem_15ns_9nkbM  |        0|      0|  577|  439|    0|
    +-------------------------+----------------------+---------+-------+-----+-----+-----+
    |Total                    |                      |        0|      5| 1025| 1288|    0|
    +-------------------------+----------------------+---------+-------+-----+-----+-----+

    * DSP48E: 
    +--------------------------+----------------------+--------------+
    |         Instance         |        Module        |  Expression  |
    +--------------------------+----------------------+--------------+
    |test_mac_muladd_1ncg_U8   |test_mac_muladd_1ncg  | i0 + i1 * i2 |
    |test_mac_muladd_2mb6_U7   |test_mac_muladd_2mb6  | i0 + i1 * i2 |
    |test_mac_muladd_8ocq_U9   |test_mac_muladd_8ocq  | i0 * i1 + i2 |
    |test_mac_muladd_8ocq_U12  |test_mac_muladd_8ocq  | i0 * i1 + i2 |
    |test_mac_muladd_8ocq_U19  |test_mac_muladd_8ocq  | i0 * i1 + i2 |
    |test_mac_muladd_8ocq_U20  |test_mac_muladd_8ocq  | i0 * i1 + i2 |
    |test_mac_muladd_8ocq_U22  |test_mac_muladd_8ocq  | i0 * i1 + i2 |
    |test_mac_muladd_8pcA_U10  |test_mac_muladd_8pcA  | i0 + i1 * i2 |
    |test_mac_muladd_8pcA_U11  |test_mac_muladd_8pcA  | i0 + i1 * i2 |
    |test_mac_muladd_8pcA_U13  |test_mac_muladd_8pcA  | i0 + i1 * i2 |
    |test_mac_muladd_8pcA_U14  |test_mac_muladd_8pcA  | i0 + i1 * i2 |
    |test_mac_muladd_8pcA_U15  |test_mac_muladd_8pcA  | i0 + i1 * i2 |
    |test_mac_muladd_8pcA_U16  |test_mac_muladd_8pcA  | i0 + i1 * i2 |
    |test_mac_muladd_8pcA_U17  |test_mac_muladd_8pcA  | i0 + i1 * i2 |
    |test_mac_muladd_8pcA_U18  |test_mac_muladd_8pcA  | i0 + i1 * i2 |
    |test_mac_muladd_8pcA_U21  |test_mac_muladd_8pcA  | i0 + i1 * i2 |
    |test_mac_muladd_8pcA_U23  |test_mac_muladd_8pcA  | i0 + i1 * i2 |
    |test_mac_muladd_8pcA_U24  |test_mac_muladd_8pcA  | i0 + i1 * i2 |
    |test_mul_mul_22nslbW_U5   |test_mul_mul_22nslbW  |    i0 * i1   |
    |test_mul_mul_22nslbW_U6   |test_mul_mul_22nslbW  |    i0 * i1   |
    +--------------------------+----------------------+--------------+

    * Memory: 
    +-------------------------+----------------------+---------+----+----+-----+--------+-----+------+-------------+
    |          Memory         |        Module        | BRAM_18K| FF | LUT| URAM|  Words | Bits| Banks| W*Bits*Banks|
    +-------------------------+----------------------+---------+----+----+-----+--------+-----+------+-------------+
    |conv1_0_U                |test_conv1_0          |     2048|  64|   0|    0|  819200|   32|     1|     26214400|
    |conv1_line_buffer_0_U    |test_conv1_line_bbkb  |        1|   0|   0|    0|     322|    8|     1|         2576|
    |conv1_line_buffer_0_1_U  |test_conv1_line_bbkb  |        1|   0|   0|    0|     322|    8|     1|         2576|
    |conv1_line_buffer_0_2_U  |test_conv1_line_bbkb  |        1|   0|   0|    0|     322|    8|     1|         2576|
    |conv1_line_buffer_0_3_U  |test_conv1_line_bbkb  |        1|   0|   0|    0|     322|    8|     1|         2576|
    |conv1_line_buffer_0_4_U  |test_conv1_line_bbkb  |        1|   0|   0|    0|     322|    8|     1|         2576|
    |conv1_line_buffer_0_5_U  |test_conv1_line_bbkb  |        1|   0|   0|    0|     322|    8|     1|         2576|
    |conv1_pad_0_V_U          |test_conv1_pad_0_V    |      128|   0|   0|    0|  156492|    8|     1|      1251936|
    |pool1_pad_0_V_U          |test_pool1_pad_0_V    |      256|   0|   0|    0|  819200|    4|     1|      3276800|
    |relu1_0_V_U              |test_relu1_0_V        |      256|   0|   0|    0|  819200|    4|     1|      3276800|
    +-------------------------+----------------------+---------+----+----+-----+--------+-----+------+-------------+
    |Total                    |                      |     2694|  64|   0|    0| 2616024|   96|    10|     34035392|
    +-------------------------+----------------------+---------+----+----+-----+--------+-----+------+-------------+

    * FIFO: 
    N/A

    * Expression: 
    +---------------------------+----------+-------+----+-----+------------+------------+
    |       Variable Name       | Operation| DSP48E| FF | LUT | Bitwidth P0| Bitwidth P1|
    +---------------------------+----------+-------+----+-----+------------+------------+
    |mul_ln203_2_fu_2252_p2     |     *    |      0|   0|   51|           9|           8|
    |mul_ln20_1_fu_1490_p2      |     *    |      0|   0|    6|           2|          16|
    |mul_ln20_fu_1396_p2        |     *    |      0|   0|    6|           2|          16|
    |mul_ln703_10_fu_2572_p2    |     *    |      0|   0|   41|           8|           6|
    |mul_ln703_12_fu_2860_p2    |     *    |      0|   0|   41|           8|           6|
    |mul_ln703_15_fu_2873_p2    |     *    |      0|   0|   41|           8|           6|
    |mul_ln703_16_fu_2882_p2    |     *    |      0|   0|   41|           8|           6|
    |mul_ln703_17_fu_3004_p2    |     *    |      0|   0|   41|           8|           6|
    |mul_ln703_1_fu_2563_p2     |     *    |      0|   0|   41|           8|           6|
    |mul_ln703_21_fu_2581_p2    |     *    |      0|   0|   41|           8|           6|
    |mul_ln703_23_fu_2736_p2    |     *    |      0|   0|   41|           8|           6|
    |mul_ln703_26_fu_3019_p2    |     *    |      0|   0|   41|           8|           6|
    |mul_ln703_5_fu_2709_p2     |     *    |      0|   0|   41|           8|           6|
    |mul_ln703_6_fu_2718_p2     |     *    |      0|   0|   41|           8|           6|
    |add_ln103_1_fu_5016_p2     |     +    |      0|   0|   17|          13|          13|
    |add_ln103_2_fu_5074_p2     |     +    |      0|   0|   71|          64|          64|
    |add_ln103_3_fu_5040_p2     |     +    |      0|   0|   17|          13|          13|
    |add_ln103_4_fu_5154_p2     |     +    |      0|   0|   71|          64|          64|
    |add_ln103_5_fu_5095_p2     |     +    |      0|   0|   28|          21|          21|
    |add_ln103_6_fu_5163_p2     |     +    |      0|   0|   71|          64|          64|
    |add_ln103_7_fu_5116_p2     |     +    |      0|   0|   28|          21|          21|
    |add_ln103_8_fu_5173_p2     |     +    |      0|   0|   71|          64|          64|
    |add_ln103_9_fu_5195_p2     |     +    |      0|   0|   71|          64|          64|
    |add_ln103_fu_4936_p2       |     +    |      0|   0|   17|          13|          13|
    |add_ln107_1_fu_5255_p2     |     +    |      0|   0|   19|          12|          12|
    |add_ln107_2_fu_5281_p2     |     +    |      0|   0|   19|          19|          19|
    |add_ln107_3_fu_5303_p2     |     +    |      0|   0|   19|          19|          19|
    |add_ln107_fu_5246_p2       |     +    |      0|   0|   19|          12|          12|
    |add_ln1265_1_fu_2105_p2    |     +    |      0|   0|   15|           9|           9|
    |add_ln1265_fu_2041_p2      |     +    |      0|   0|   15|           9|           9|
    |add_ln16_1_fu_1452_p2      |     +    |      0|   0|   25|          18|           1|
    |add_ln16_fu_1458_p2        |     +    |      0|   0|   10|           2|           1|
    |add_ln17_1_fu_1548_p2      |     +    |      0|   0|   24|          17|           1|
    |add_ln17_fu_1514_p2        |     +    |      0|   0|   15|           8|           1|
    |add_ln18_fu_1542_p2        |     +    |      0|   0|   15|           9|           1|
    |add_ln203_2_fu_2403_p2     |     +    |      0|   0|   19|          16|          18|
    |add_ln203_3_fu_2408_p2     |     +    |      0|   0|   19|          17|          18|
    |add_ln203_4_fu_2458_p2     |     +    |      0|   0|   24|          17|          17|
    |add_ln203_5_fu_2468_p2     |     +    |      0|   0|   19|          18|          18|
    |add_ln203_6_fu_2479_p2     |     +    |      0|   0|   19|          18|          18|
    |add_ln20_10_fu_1955_p2     |     +    |      0|   0|   19|          19|          19|
    |add_ln20_11_fu_1961_p2     |     +    |      0|   0|   19|          19|          19|
    |add_ln20_1_fu_1440_p2      |     +    |      0|   0|   24|          17|          17|
    |add_ln20_2_fu_1704_p2      |     +    |      0|   0|   14|          10|          10|
    |add_ln20_3_fu_1714_p2      |     +    |      0|   0|   25|          18|          18|
    |add_ln20_4_fu_1724_p2      |     +    |      0|   0|   19|          19|          19|
    |add_ln20_5_fu_1629_p2      |     +    |      0|   0|   24|          17|          17|
    |add_ln20_6_fu_1687_p2      |     +    |      0|   0|   15|           8|           9|
    |add_ln20_7_fu_1885_p2      |     +    |      0|   0|   27|           3|          20|
    |add_ln20_8_fu_1921_p2      |     +    |      0|   0|   19|          28|          28|
    |add_ln20_9_fu_1927_p2      |     +    |      0|   0|   19|          28|          28|
    |add_ln20_fu_1676_p2        |     +    |      0|   0|   15|           2|           9|
    |add_ln29_1_fu_2063_p2      |     +    |      0|   0|   27|          20|           1|
    |add_ln29_fu_2069_p2        |     +    |      0|   0|   15|           1|           5|
    |add_ln30_1_fu_2184_p2      |     +    |      0|   0|   24|          17|           1|
    |add_ln30_fu_2233_p2        |     +    |      0|   0|   15|           1|           8|
    |add_ln31_fu_2908_p2        |     +    |      0|   0|   15|           9|           1|
    |add_ln356_1_fu_4813_p2     |     +    |      0|   0|   19|          13|          13|
    |add_ln356_2_fu_4839_p2     |     +    |      0|   0|   19|          21|          21|
    |add_ln356_3_fu_4848_p2     |     +    |      0|   0|   19|          21|          21|
    |add_ln356_fu_4804_p2       |     +    |      0|   0|   19|          13|          13|
    |add_ln56_1_fu_2202_p2      |     +    |      0|   0|   15|           2|           9|
    |add_ln56_2_fu_2212_p2      |     +    |      0|   0|   15|           2|           9|
    |add_ln56_3_fu_2346_p2      |     +    |      0|   0|   15|           3|           9|
    |add_ln56_4_fu_2357_p2      |     +    |      0|   0|   15|           3|           9|
    |add_ln56_5_fu_2369_p2      |     +    |      0|   0|   15|           3|           9|
    |add_ln56_6_fu_2635_p2      |     +    |      0|   0|   15|           3|           9|
    |add_ln56_7_fu_2766_p2      |     +    |      0|   0|   15|           4|           9|
    |add_ln56_fu_2190_p2        |     +    |      0|   0|   15|           1|           9|
    |add_ln581_fu_4452_p2       |     +    |      0|   0|   12|           5|          12|
    |add_ln60_1_fu_2894_p2      |     +    |      0|   0|   15|           3|           9|
    |add_ln60_2_fu_2328_p2      |     +    |      0|   0|   19|          64|          64|
    |add_ln60_3_fu_2285_p2      |     +    |      0|   0|   15|           3|           9|
    |add_ln60_4_fu_2416_p2      |     +    |      0|   0|   19|          64|          64|
    |add_ln60_5_fu_2446_p2      |     +    |      0|   0|   28|          21|          21|
    |add_ln60_6_fu_2903_p2      |     +    |      0|   0|   28|          21|          21|
    |add_ln60_fu_2051_p2        |     +    |      0|   0|   15|           9|           3|
    |add_ln69_1_fu_3493_p2      |     +    |      0|   0|   27|          20|           1|
    |add_ln69_fu_3524_p2        |     +    |      0|   0|   15|           1|           5|
    |add_ln703_10_fu_3162_p2    |     +    |      0|   0|   19|          16|          16|
    |add_ln703_11_fu_3167_p2    |     +    |      0|   0|   19|          16|          16|
    |add_ln703_16_fu_3126_p2    |     +    |      0|   0|   19|          16|          16|
    |add_ln703_17_fu_3132_p2    |     +    |      0|   0|   19|          16|          16|
    |add_ln703_22_fu_3147_p2    |     +    |      0|   0|   19|          16|          16|
    |add_ln703_23_fu_3153_p2    |     +    |      0|   0|   19|          16|          16|
    |add_ln703_24_fu_3172_p2    |     +    |      0|   0|   19|          16|          16|
    |add_ln703_25_fu_3176_p2    |     +    |      0|   0|   19|          16|          16|
    |add_ln703_4_fu_3031_p2     |     +    |      0|   0|   23|          16|          16|
    |add_ln703_9_fu_3111_p2     |     +    |      0|   0|   23|          16|          16|
    |add_ln70_1_fu_3505_p2      |     +    |      0|   0|   24|           1|          17|
    |add_ln70_fu_3596_p2        |     +    |      0|   0|   15|           1|           8|
    |add_ln71_fu_3641_p2        |     +    |      0|   0|   15|           1|           9|
    |add_ln74_1_fu_3627_p2      |     +    |      0|   0|   19|          64|          64|
    |add_ln74_2_fu_3724_p2      |     +    |      0|   0|   19|          21|          21|
    |add_ln74_3_fu_3743_p2      |     +    |      0|   0|   19|          21|          21|
    |add_ln74_fu_3573_p2        |     +    |      0|   0|   19|          64|          64|
    |add_ln82_1_fu_4682_p2      |     +    |      0|   0|   27|          20|           1|
    |add_ln82_fu_4688_p2        |     +    |      0|   0|   15|           5|           1|
    |add_ln83_1_fu_4768_p2      |     +    |      0|   0|   24|          17|           1|
    |add_ln83_fu_4734_p2        |     +    |      0|   0|   15|           8|           1|
    |add_ln84_fu_4762_p2        |     +    |      0|   0|   15|           9|           1|
    |add_ln92_1_fu_4878_p2      |     +    |      0|   0|   25|          18|           1|
    |add_ln92_fu_4884_p2        |     +    |      0|   0|   15|           1|           5|
    |add_ln93_1_fu_5046_p2      |     +    |      0|   0|   21|           1|          15|
    |add_ln93_fu_4976_p2        |     +    |      0|   0|   15|           1|           7|
    |add_ln944_1_fu_3245_p2     |     +    |      0|   0|   39|           6|          32|
    |add_ln944_2_fu_5348_p2     |     +    |      0|   0|   39|           6|          32|
    |add_ln944_3_fu_4127_p2     |     +    |      0|   0|   39|           6|          32|
    |add_ln944_fu_3779_p2       |     +    |      0|   0|   39|           6|          32|
    |add_ln949_1_fu_3318_p2     |     +    |      0|   0|   23|           6|          16|
    |add_ln949_2_fu_4207_p2     |     +    |      0|   0|   33|           6|          26|
    |add_ln949_fu_3859_p2       |     +    |      0|   0|   19|           6|          14|
    |add_ln94_fu_5127_p2        |     +    |      0|   0|   15|           1|           8|
    |add_ln958_1_fu_3363_p2     |     +    |      0|   0|   39|           6|          32|
    |add_ln958_2_fu_5471_p2     |     +    |      0|   0|   39|           6|          32|
    |add_ln958_3_fu_4244_p2     |     +    |      0|   0|   39|           6|          32|
    |add_ln958_fu_3896_p2       |     +    |      0|   0|   39|           6|          32|
    |add_ln961_1_fu_3403_p2     |     +    |      0|   0|   71|          64|          64|
    |add_ln961_2_fu_5511_p2     |     +    |      0|   0|   71|          64|          64|
    |add_ln961_3_fu_4286_p2     |     +    |      0|   0|   71|          64|          64|
    |add_ln961_fu_3938_p2       |     +    |      0|   0|   71|          64|          64|
    |add_ln964_1_fu_3443_p2     |     +    |      0|   0|   19|           8|           8|
    |add_ln964_2_fu_5544_p2     |     +    |      0|   0|   15|           1|           8|
    |add_ln964_3_fu_4335_p2     |     +    |      0|   0|   19|           8|           8|
    |add_ln964_fu_3987_p2       |     +    |      0|   0|   19|           8|           8|
    |sub_ln20_1_fu_1771_p2      |     -    |      0|   0|   47|           1|          40|
    |sub_ln20_2_fu_1800_p2      |     -    |      0|   0|   27|           1|          20|
    |sub_ln20_3_fu_1813_p2      |     -    |      0|   0|   46|           1|          39|
    |sub_ln20_4_fu_1842_p2      |     -    |      0|   0|   27|           1|          20|
    |sub_ln20_fu_1730_p2        |     -    |      0|   0|   19|          19|          19|
    |sub_ln461_fu_4427_p2       |     -    |      0|   0|   61|           1|          54|
    |sub_ln575_fu_4440_p2       |     -    |      0|   0|   12|          11|          12|
    |sub_ln581_fu_4458_p2       |     -    |      0|   0|   12|           4|          12|
    |sub_ln939_1_fu_3195_p2     |     -    |      0|   0|   23|           1|          16|
    |sub_ln939_2_fu_4043_p2     |     -    |      0|   0|   33|           1|          26|
    |sub_ln939_3_fu_4071_p2     |     -    |      0|   0|   33|           1|          26|
    |sub_ln939_4_fu_3689_p2     |     -    |      0|   0|   19|           1|          14|
    |sub_ln939_fu_3661_p2       |     -    |      0|   0|   19|           1|          14|
    |sub_ln944_1_fu_3236_p2     |     -    |      0|   0|   39|           5|          32|
    |sub_ln944_2_fu_5339_p2     |     -    |      0|   0|   39|           3|          32|
    |sub_ln944_3_fu_4117_p2     |     -    |      0|   0|   39|           5|          32|
    |sub_ln944_fu_3769_p2       |     -    |      0|   0|   39|           4|          32|
    |sub_ln947_1_fu_4147_p2     |     -    |      0|   0|   15|           5|           5|
    |sub_ln947_2_fu_3271_p2     |     -    |      0|   0|   15|           4|           5|
    |sub_ln947_3_fu_5374_p2     |     -    |      0|   0|   12|           3|           3|
    |sub_ln947_fu_3799_p2       |     -    |      0|   0|   13|           3|           4|
    |sub_ln958_1_fu_3378_p2     |     -    |      0|   0|   39|           5|          32|
    |sub_ln958_2_fu_5486_p2     |     -    |      0|   0|   39|           5|          32|
    |sub_ln958_3_fu_4259_p2     |     -    |      0|   0|   39|           5|          32|
    |sub_ln958_fu_3911_p2       |     -    |      0|   0|   39|           5|          32|
    |sub_ln964_1_fu_3438_p2     |     -    |      0|   0|   19|           4|           8|
    |sub_ln964_2_fu_5539_p2     |     -    |      0|   0|   15|           7|           8|
    |sub_ln964_3_fu_4330_p2     |     -    |      0|   0|   19|           4|           8|
    |sub_ln964_fu_3982_p2       |     -    |      0|   0|   19|           3|           8|
    |and_ln103_fu_4970_p2       |    and   |      0|   0|    2|           1|           1|
    |and_ln20_1_fu_1664_p2      |    and   |      0|   0|    2|           1|           1|
    |and_ln20_2_fu_1670_p2      |    and   |      0|   0|    2|           1|           1|
    |and_ln20_3_fu_1573_p2      |    and   |      0|   0|    2|           1|           1|
    |and_ln20_4_fu_1508_p2      |    and   |      0|   0|    2|           1|           1|
    |and_ln20_5_fu_1616_p2      |    and   |      0|   0|    2|           1|           1|
    |and_ln20_fu_1434_p2        |    and   |      0|   0|    2|           1|           1|
    |and_ln56_1_fu_2154_p2      |    and   |      0|   0|    2|           1|           1|
    |and_ln56_fu_2223_p2        |    and   |      0|   0|    2|           1|           1|
    |and_ln581_fu_4553_p2       |    and   |      0|   0|    2|           1|           1|
    |and_ln582_fu_4528_p2       |    and   |      0|   0|    2|           1|           1|
    |and_ln585_1_fu_4622_p2     |    and   |      0|   0|    2|           1|           1|
    |and_ln585_fu_4565_p2       |    and   |      0|   0|    2|           1|           1|
    |and_ln603_fu_4591_p2       |    and   |      0|   0|    2|           1|           1|
    |and_ln74_fu_3590_p2        |    and   |      0|   0|    2|           1|           1|
    |and_ln86_fu_4728_p2        |    and   |      0|   0|    2|           1|           1|
    |and_ln947_1_fu_4188_p2     |    and   |      0|   0|    2|           1|           1|
    |and_ln947_2_fu_3298_p2     |    and   |      0|   0|    2|           1|           1|
    |and_ln947_3_fu_5401_p2     |    and   |      0|   0|    2|           1|           1|
    |and_ln947_4_fu_3829_p2     |    and   |      0|   0|   14|          14|          14|
    |and_ln947_5_fu_4177_p2     |    and   |      0|   0|   26|          26|          26|
    |and_ln947_6_fu_3287_p2     |    and   |      0|   0|   16|          16|          16|
    |and_ln947_7_fu_5390_p2     |    and   |      0|   0|    4|           4|           4|
    |and_ln947_fu_3840_p2       |    and   |      0|   0|    2|           1|           1|
    |and_ln949_1_fu_4219_p2     |    and   |      0|   0|    2|           1|           1|
    |and_ln949_2_fu_3331_p2     |    and   |      0|   0|    2|           1|           1|
    |and_ln949_3_fu_5434_p2     |    and   |      0|   0|    2|           1|           1|
    |and_ln949_fu_3871_p2       |    and   |      0|   0|    2|           1|           1|
    |ap_condition_1599          |    and   |      0|   0|    2|           1|           1|
    |ap_condition_164           |    and   |      0|   0|    2|           1|           1|
    |ap_condition_183           |    and   |      0|   0|    2|           1|           1|
    |ap_condition_199           |    and   |      0|   0|    2|           1|           1|
    |ashr_ln586_fu_4604_p2      |   ashr   |      0|   0|  162|          54|          54|
    |l_1_fu_5327_p3             |   cttz   |      0|  40|   36|          32|           0|
    |l_2_fu_3224_p3             |   cttz   |      0|  40|   36|          32|           0|
    |l_3_fu_4109_p3             |   cttz   |      0|  40|   36|          32|           0|
    |l_fu_3761_p3               |   cttz   |      0|  40|   36|          32|           0|
    |icmp_ln1494_1_fu_5211_p2   |   icmp   |      0|   0|    9|           4|           4|
    |icmp_ln1494_2_fu_5287_p2   |   icmp   |      0|   0|    9|           4|           4|
    |icmp_ln1494_fu_5179_p2     |   icmp   |      0|   0|    9|           4|           4|
    |icmp_ln1495_fu_4647_p2     |   icmp   |      0|   0|   13|          16|           9|
    |icmp_ln16_fu_1446_p2       |   icmp   |      0|   0|   18|          18|          18|
    |icmp_ln17_fu_1464_p2       |   icmp   |      0|   0|   18|          17|          16|
    |icmp_ln18_fu_1502_p2       |   icmp   |      0|   0|   13|           9|           9|
    |icmp_ln20_1_fu_1408_p2     |   icmp   |      0|   0|   11|           8|           8|
    |icmp_ln20_2_fu_1654_p2     |   icmp   |      0|   0|   13|           9|           1|
    |icmp_ln20_3_fu_1659_p2     |   icmp   |      0|   0|   13|           9|           9|
    |icmp_ln20_4_fu_1577_p2     |   icmp   |      0|   0|   11|           8|           1|
    |icmp_ln20_5_fu_1582_p2     |   icmp   |      0|   0|   11|           8|           8|
    |icmp_ln20_6_fu_1681_p2     |   icmp   |      0|   0|   13|           9|           9|
    |icmp_ln20_7_fu_1880_p2     |   icmp   |      0|   0|   18|          20|           2|
    |icmp_ln20_fu_1402_p2       |   icmp   |      0|   0|   11|           8|           1|
    |icmp_ln29_fu_2057_p2       |   icmp   |      0|   0|   18|          20|          19|
    |icmp_ln30_fu_2075_p2       |   icmp   |      0|   0|   18|          17|          16|
    |icmp_ln31_fu_2148_p2       |   icmp   |      0|   0|   13|           9|           9|
    |icmp_ln39_1_fu_2272_p2     |   icmp   |      0|   0|   11|           7|           1|
    |icmp_ln39_fu_2142_p2       |   icmp   |      0|   0|   11|           7|           1|
    |icmp_ln48_fu_2494_p2       |   icmp   |      0|   0|   11|           8|           1|
    |icmp_ln571_fu_4407_p2      |   icmp   |      0|   0|   29|          63|           1|
    |icmp_ln581_fu_4446_p2      |   icmp   |      0|   0|   13|          12|           4|
    |icmp_ln582_fu_4472_p2      |   icmp   |      0|   0|   13|          12|           4|
    |icmp_ln585_fu_4482_p2      |   icmp   |      0|   0|   13|          12|           6|
    |icmp_ln603_fu_4498_p2      |   icmp   |      0|   0|   11|           8|           1|
    |icmp_ln69_fu_3487_p2       |   icmp   |      0|   0|   18|          20|          19|
    |icmp_ln70_fu_3499_p2       |   icmp   |      0|   0|   18|          17|          16|
    |icmp_ln71_fu_3584_p2       |   icmp   |      0|   0|   13|           9|           9|
    |icmp_ln82_fu_4676_p2       |   icmp   |      0|   0|   18|          20|          19|
    |icmp_ln83_fu_4694_p2       |   icmp   |      0|   0|   18|          17|          16|
    |icmp_ln84_fu_4722_p2       |   icmp   |      0|   0|   13|           9|           9|
    |icmp_ln92_fu_4872_p2       |   icmp   |      0|   0|   18|          18|          17|
    |icmp_ln935_1_fu_3190_p2    |   icmp   |      0|   0|   13|          16|           1|
    |icmp_ln935_2_fu_5460_p2    |   icmp   |      0|   0|    9|           4|           1|
    |icmp_ln935_3_fu_4029_p2    |   icmp   |      0|   0|   18|          26|           1|
    |icmp_ln935_4_fu_3675_p2    |   icmp   |      0|   0|   13|          14|           1|
    |icmp_ln935_5_fu_4057_p2    |   icmp   |      0|   0|   18|          26|           1|
    |icmp_ln935_fu_3647_p2      |   icmp   |      0|   0|   13|          14|           1|
    |icmp_ln93_fu_4890_p2       |   icmp   |      0|   0|   13|          15|          14|
    |icmp_ln947_1_fu_3834_p2    |   icmp   |      0|   0|   13|          14|           1|
    |icmp_ln947_2_fu_4163_p2    |   icmp   |      0|   0|   18|          31|           1|
    |icmp_ln947_3_fu_3292_p2    |   icmp   |      0|   0|   13|          16|           1|
    |icmp_ln947_4_fu_4182_p2    |   icmp   |      0|   0|   18|          26|           1|
    |icmp_ln947_5_fu_5395_p2    |   icmp   |      0|   0|    9|           4|           1|
    |icmp_ln947_6_fu_3261_p2    |   icmp   |      0|   0|   18|          31|           1|
    |icmp_ln947_7_fu_5364_p2    |   icmp   |      0|   0|   18|          31|           1|
    |icmp_ln947_fu_3815_p2      |   icmp   |      0|   0|   18|          31|           1|
    |icmp_ln94_fu_4964_p2       |   icmp   |      0|   0|   11|           8|           8|
    |icmp_ln958_1_fu_3351_p2    |   icmp   |      0|   0|   18|          32|           1|
    |icmp_ln958_2_fu_5454_p2    |   icmp   |      0|   0|   18|          32|           1|
    |icmp_ln958_3_fu_4239_p2    |   icmp   |      0|   0|   18|          32|           1|
    |icmp_ln958_fu_3891_p2      |   icmp   |      0|   0|   18|          32|           1|
    |lshr_ln947_1_fu_4171_p2    |   lshr   |      0|   0|   77|           2|          26|
    |lshr_ln947_2_fu_3281_p2    |   lshr   |      0|   0|   35|           2|          16|
    |lshr_ln947_3_fu_5384_p2    |   lshr   |      0|   0|   11|           2|           4|
    |lshr_ln947_fu_3823_p2      |   lshr   |      0|   0|   31|           2|          14|
    |lshr_ln958_1_fu_3368_p2    |   lshr   |      0|   0|  101|          32|          32|
    |lshr_ln958_2_fu_5476_p2    |   lshr   |      0|   0|  101|          32|          32|
    |lshr_ln958_3_fu_4249_p2    |   lshr   |      0|   0|  101|          32|          32|
    |lshr_ln958_fu_3901_p2      |   lshr   |      0|   0|  101|          32|          32|
    |or_ln103_1_fu_4866_p2      |    or    |      0|   0|    8|           8|           1|
    |or_ln103_2_fu_5022_p2      |    or    |      0|   0|    8|           8|           1|
    |or_ln103_fu_5106_p2        |    or    |      0|   0|    9|           9|           1|
    |or_ln1495_fu_4661_p2       |    or    |      0|   0|    2|           1|           1|
    |or_ln17_fu_1520_p2         |    or    |      0|   0|    2|           1|           1|
    |or_ln30_fu_2160_p2         |    or    |      0|   0|    2|           1|           1|
    |or_ln581_fu_4579_p2        |    or    |      0|   0|    2|           1|           1|
    |or_ln582_fu_4542_p2        |    or    |      0|   0|    2|           1|           1|
    |or_ln74_fu_3602_p2         |    or    |      0|   0|    2|           1|           1|
    |or_ln86_fu_4740_p2         |    or    |      0|   0|    2|           1|           1|
    |or_ln93_fu_4982_p2         |    or    |      0|   0|    2|           1|           1|
    |or_ln949_2_fu_3337_p2      |    or    |      0|   0|    2|           1|           1|
    |or_ln949_3_fu_5440_p2      |    or    |      0|   0|    2|           1|           1|
    |or_ln949_4_fu_4225_p2      |    or    |      0|   0|    2|           1|           1|
    |or_ln949_fu_3877_p2        |    or    |      0|   0|    2|           1|           1|
    |conv1_0_d0                 |  select  |      0|   0|   32|           1|           1|
    |relu1_0_V_d0               |  select  |      0|   0|    4|           1|           1|
    |select_ln103_1_fu_4904_p3  |  select  |      0|   0|    5|           1|           5|
    |select_ln103_2_fu_4942_p3  |  select  |      0|   0|    8|           1|           1|
    |select_ln103_3_fu_4950_p3  |  select  |      0|   0|    8|           1|           1|
    |select_ln103_fu_4896_p3    |  select  |      0|   0|    7|           1|           1|
    |select_ln17_1_fu_1534_p3   |  select  |      0|   0|    8|           1|           8|
    |select_ln17_2_fu_1594_p3   |  select  |      0|   0|   16|           1|          16|
    |select_ln17_3_fu_1622_p3   |  select  |      0|   0|    2|           1|           1|
    |select_ln17_4_fu_1640_p3   |  select  |      0|   0|   17|           1|          17|
    |select_ln17_5_fu_1554_p3   |  select  |      0|   0|   17|           1|           1|
    |select_ln17_fu_1526_p3     |  select  |      0|   0|    9|           1|           1|
    |select_ln20_10_fu_1890_p3  |  select  |      0|   0|   20|           1|          20|
    |select_ln20_1_fu_1482_p3   |  select  |      0|   0|    2|           1|           2|
    |select_ln20_2_fu_1562_p3   |  select  |      0|   0|   17|           1|          17|
    |select_ln20_3_fu_1567_p3   |  select  |      0|   0|   16|           1|           1|
    |select_ln20_4_fu_1635_p3   |  select  |      0|   0|   17|           1|          17|
    |select_ln20_5_fu_1692_p3   |  select  |      0|   0|    9|           1|           9|
    |select_ln20_6_fu_1793_p3   |  select  |      0|   0|   20|           1|          20|
    |select_ln20_7_fu_1806_p3   |  select  |      0|   0|   20|           1|          20|
    |select_ln20_8_fu_1835_p3   |  select  |      0|   0|   20|           1|          20|
    |select_ln20_9_fu_1848_p3   |  select  |      0|   0|   20|           1|          20|
    |select_ln20_fu_1470_p3     |  select  |      0|   0|    8|           1|           1|
    |select_ln251_1_fu_5217_p3  |  select  |      0|   0|   64|           1|          64|
    |select_ln251_2_fu_5293_p3  |  select  |      0|   0|   64|           1|          64|
    |select_ln251_fu_5185_p3    |  select  |      0|   0|    9|           1|           9|
    |select_ln30_1_fu_2242_p3   |  select  |      0|   0|    8|           1|           8|
    |select_ln30_2_fu_2278_p3   |  select  |      0|   0|    2|           1|           1|
    |select_ln30_3_fu_2291_p3   |  select  |      0|   0|    9|           1|           9|
    |select_ln30_4_fu_2913_p3   |  select  |      0|   0|   17|           1|           1|
    |select_ln30_fu_2166_p3     |  select  |      0|   0|    9|           1|           1|
    |select_ln56_1_fu_2298_p3   |  select  |      0|   0|    5|           1|           5|
    |select_ln56_2_fu_2111_p3   |  select  |      0|   0|    9|           1|           9|
    |select_ln56_3_fu_2227_p3   |  select  |      0|   0|    9|           1|           3|
    |select_ln56_fu_2081_p3     |  select  |      0|   0|    8|           1|           1|
    |select_ln570_fu_4433_p3    |  select  |      0|   0|   54|           1|          54|
    |select_ln581_fu_4464_p3    |  select  |      0|   0|   12|           1|          12|
    |select_ln582_fu_4534_p3    |  select  |      0|   0|   16|           1|          16|
    |select_ln585_1_fu_4626_p3  |  select  |      0|   0|   16|           1|          16|
    |select_ln585_fu_4571_p3    |  select  |      0|   0|   16|           1|          16|
    |select_ln588_fu_4515_p3    |  select  |      0|   0|    2|           1|           2|
    |select_ln603_fu_4633_p3    |  select  |      0|   0|   16|           1|          16|
    |select_ln70_fu_3511_p3     |  select  |      0|   0|   17|           1|           1|
    |select_ln74_1_fu_3542_p3   |  select  |      0|   0|    5|           1|           5|
    |select_ln74_2_fu_3952_p3   |  select  |      0|   0|    2|           1|           1|
    |select_ln74_3_fu_4300_p3   |  select  |      0|   0|    2|           1|           1|
    |select_ln74_4_fu_4305_p3   |  select  |      0|   0|    2|           1|           1|
    |select_ln74_5_fu_4085_p3   |  select  |      0|   0|   26|           1|          26|
    |select_ln74_6_fu_3957_p3   |  select  |      0|   0|    2|           1|           1|
    |select_ln74_7_fu_3703_p3   |  select  |      0|   0|   14|           1|          14|
    |select_ln74_8_fu_3607_p3   |  select  |      0|   0|    9|           1|           1|
    |select_ln74_9_fu_3615_p3   |  select  |      0|   0|    8|           1|           8|
    |select_ln74_fu_3530_p3     |  select  |      0|   0|    8|           1|           1|
    |select_ln83_fu_4774_p3     |  select  |      0|   0|   17|           1|           1|
    |select_ln86_1_fu_4708_p3   |  select  |      0|   0|    5|           1|           5|
    |select_ln86_2_fu_4746_p3   |  select  |      0|   0|    9|           1|           1|
    |select_ln86_3_fu_4754_p3   |  select  |      0|   0|    8|           1|           8|
    |select_ln86_fu_4700_p3     |  select  |      0|   0|    8|           1|           1|
    |select_ln935_1_fu_4369_p3  |  select  |      0|   0|   32|           1|           1|
    |select_ln935_3_fu_5586_p3  |  select  |      0|   0|   32|           1|           1|
    |select_ln935_fu_4021_p3    |  select  |      0|   0|   32|           1|           1|
    |select_ln938_1_fu_3200_p3  |  select  |      0|   0|   16|           1|          16|
    |select_ln938_2_fu_4049_p3  |  select  |      0|   0|   26|           1|          26|
    |select_ln938_3_fu_4077_p3  |  select  |      0|   0|   26|           1|          26|
    |select_ln938_4_fu_3695_p3  |  select  |      0|   0|   14|           1|          14|
    |select_ln938_fu_3667_p3    |  select  |      0|   0|   14|           1|          14|
    |select_ln93_1_fu_5200_p3   |  select  |      0|   0|    7|           1|           7|
    |select_ln93_2_fu_5004_p3   |  select  |      0|   0|    8|           1|           8|
    |select_ln93_3_fu_5028_p3   |  select  |      0|   0|    8|           1|           8|
    |select_ln93_4_fu_5205_p3   |  select  |      0|   0|   15|           1|           1|
    |select_ln93_fu_4988_p3     |  select  |      0|   0|    8|           1|           1|
    |select_ln958_1_fu_4274_p3  |  select  |      0|   0|   64|           1|          64|
    |select_ln958_2_fu_3393_p3  |  select  |      0|   0|   64|           1|          64|
    |select_ln958_3_fu_5501_p3  |  select  |      0|   0|   64|           1|          64|
    |select_ln958_fu_3926_p3    |  select  |      0|   0|   64|           1|          64|
    |select_ln964_1_fu_4323_p3  |  select  |      0|   0|    7|           1|           7|
    |select_ln964_2_fu_5550_p3  |  select  |      0|   0|    8|           1|           8|
    |select_ln964_3_fu_3427_p3  |  select  |      0|   0|    7|           1|           7|
    |select_ln964_fu_3975_p3    |  select  |      0|   0|    7|           1|           7|
    |shl_ln604_fu_4617_p2       |    shl   |      0|   0|   35|          16|          16|
    |shl_ln958_1_fu_3387_p2     |    shl   |      0|   0|  182|          64|          64|
    |shl_ln958_2_fu_5495_p2     |    shl   |      0|   0|  182|          64|          64|
    |shl_ln958_3_fu_4268_p2     |    shl   |      0|   0|  182|          64|          64|
    |shl_ln958_fu_3920_p2       |    shl   |      0|   0|  182|          64|          64|
    |ap_enable_pp0              |    xor   |      0|   0|    2|           1|           2|
    |ap_enable_pp1              |    xor   |      0|   0|    2|           1|           2|
    |ap_enable_pp2              |    xor   |      0|   0|    2|           1|           2|
    |ap_enable_pp3              |    xor   |      0|   0|    2|           1|           2|
    |ap_enable_pp4              |    xor   |      0|   0|    2|           1|           2|
    |ap_enable_reg_pp0_iter1    |    xor   |      0|   0|    2|           2|           1|
    |ap_enable_reg_pp3_iter1    |    xor   |      0|   0|    2|           2|           1|
    |xor_ln103_fu_4958_p2       |    xor   |      0|   0|    2|           1|           2|
    |xor_ln20_fu_1496_p2        |    xor   |      0|   0|    2|           1|           2|
    |xor_ln56_fu_2126_p2        |    xor   |      0|   0|    2|           1|           2|
    |xor_ln571_fu_4523_p2       |    xor   |      0|   0|    2|           1|           2|
    |xor_ln581_fu_4585_p2       |    xor   |      0|   0|    2|           1|           2|
    |xor_ln582_fu_4547_p2       |    xor   |      0|   0|    2|           1|           2|
    |xor_ln585_fu_4559_p2       |    xor   |      0|   0|    2|           1|           2|
    |xor_ln74_fu_3579_p2        |    xor   |      0|   0|    2|           1|           2|
    |xor_ln86_fu_4716_p2        |    xor   |      0|   0|    2|           1|           2|
    |xor_ln949_1_fu_3853_p2     |    xor   |      0|   0|    2|           1|           2|
    |xor_ln949_2_fu_4201_p2     |    xor   |      0|   0|    2|           1|           2|
    |xor_ln949_3_fu_3312_p2     |    xor   |      0|   0|    2|           1|           2|
    |xor_ln949_4_fu_5415_p2     |    xor   |      0|   0|    2|           1|           2|
    |xor_ln949_fu_5421_p2       |    xor   |      0|   0|    5|           4|           5|
    +---------------------------+----------+-------+----+-----+------------+------------+
    |Total                      |          |      0| 160| 7991|        3824|        4845|
    +---------------------------+----------+-------+----+-----+------------+------------+

    * Multiplexer: 
    +---------------------------------------------+----+-----------+-----+-----------+
    |                     Name                    | LUT| Input Size| Bits| Total Bits|
    +---------------------------------------------+----+-----------+-----+-----------+
    |ap_NS_fsm                                    |  93|         19|    1|         19|
    |ap_enable_reg_pp0_iter1                      |   9|          2|    1|          2|
    |ap_enable_reg_pp0_iter24                     |   9|          2|    1|          2|
    |ap_enable_reg_pp1_iter2                      |   9|          2|    1|          2|
    |ap_enable_reg_pp2_iter19                     |   9|          2|    1|          2|
    |ap_enable_reg_pp2_iter7                      |   9|          2|    1|          2|
    |ap_enable_reg_pp3_iter1                      |   9|          2|    1|          2|
    |ap_enable_reg_pp3_iter3                      |   9|          2|    1|          2|
    |ap_enable_reg_pp4_iter2                      |   9|          2|    1|          2|
    |ap_phi_mux_args01_0_0_phi_fu_1316_p4         |   9|          2|    5|         10|
    |ap_phi_mux_args0_0_0_phi_fu_1217_p4          |   9|          2|    5|         10|
    |ap_phi_mux_args11_0_0_phi_fu_1338_p4         |   9|          2|    7|         14|
    |ap_phi_mux_args1_0_0_phi_fu_1228_p4          |   9|          2|    8|         16|
    |ap_phi_mux_args21_0_0_phi_fu_1349_p4         |   9|          2|    8|         16|
    |ap_phi_mux_ff_0_0_phi_fu_1150_p4             |   9|          2|    5|         10|
    |ap_phi_mux_index_tuple1_0_0_phi_fu_1283_p4   |   9|          2|    8|         16|
    |ap_phi_mux_index_tuple_0_0_phi_fu_1104_p4    |   9|          2|    8|         16|
    |ap_phi_mux_indvar_flatten132_phi_fu_1139_p4  |   9|          2|   20|         40|
    |ap_phi_mux_indvar_flatten198_phi_fu_1327_p4  |   9|          2|   15|         30|
    |ap_phi_mux_indvar_flatten222_phi_fu_1305_p4  |   9|          2|   18|         36|
    |ap_phi_mux_indvar_flatten47_phi_fu_1162_p4   |   9|          2|   17|         34|
    |ap_phi_mux_not_zero1_0_0_phi_fu_1261_p4      |   9|          2|    5|         10|
    |ap_phi_mux_not_zero_0_0_phi_fu_1082_p4       |   9|          2|    2|          4|
    |ap_phi_mux_p_0525_1_0_phi_fu_1126_p4         |   9|          2|    8|         16|
    |ap_phi_mux_xx_reuse_0_0_phi_fu_1184_p4       |   9|          2|    9|         18|
    |ap_phi_mux_yy_reuse_0_0_phi_fu_1173_p4       |   9|          2|    8|         16|
    |ap_phi_reg_pp0_iter2_p_0525_1_0_reg_1122     |   9|          2|    8|         16|
    |args01_0_0_reg_1312                          |   9|          2|    5|         10|
    |args0_0_0_reg_1213                           |   9|          2|    5|         10|
    |args11_0_0_reg_1334                          |   9|          2|    7|         14|
    |args1_0_0_reg_1224                           |   9|          2|    8|         16|
    |args21_0_0_reg_1345                          |   9|          2|    8|         16|
    |args2_0_0_reg_1235                           |   9|          2|    9|         18|
    |conv1_0_address0                             |  15|          3|   20|         60|
    |conv1_line_buffer_0_1_address0               |  15|          3|    9|         27|
    |conv1_line_buffer_0_2_address0               |  15|          3|    9|         27|
    |conv1_line_buffer_0_3_address0               |  15|          3|    9|         27|
    |conv1_line_buffer_0_4_address0               |  15|          3|    9|         27|
    |conv1_line_buffer_0_5_address0               |  15|          3|    9|         27|
    |conv1_line_buffer_0_address0                 |  15|          3|    9|         27|
    |conv1_pad_0_V_address0                       |  15|          3|   18|         54|
    |conv1_pad_0_V_address1                       |  15|          3|   18|         54|
    |ff_0_0_reg_1146                              |   9|          2|    5|         10|
    |i1_0_0_reg_1290                              |   9|          2|    9|         18|
    |i_0_0_reg_1111                               |   9|          2|    9|         18|
    |index_tuple1_0_0_reg_1279                    |   9|          2|    8|         16|
    |index_tuple_0_0_reg_1100                     |   9|          2|    8|         16|
    |indvar_flatten132_reg_1135                   |   9|          2|   20|         40|
    |indvar_flatten144_reg_1202                   |   9|          2|   17|         34|
    |indvar_flatten160_reg_1191                   |   9|          2|   20|         40|
    |indvar_flatten172_reg_1268                   |   9|          2|   17|         34|
    |indvar_flatten186_reg_1246                   |   9|          2|   20|         40|
    |indvar_flatten198_reg_1323                   |   9|          2|   15|         30|
    |indvar_flatten222_reg_1301                   |   9|          2|   18|         36|
    |indvar_flatten35_reg_1067                    |   9|          2|   18|         36|
    |indvar_flatten47_reg_1158                    |   9|          2|   17|         34|
    |indvar_flatten_reg_1089                      |   9|          2|   17|         34|
    |not_zero1_0_0_reg_1257                       |   9|          2|    5|         10|
    |not_zero_0_0_reg_1078                        |   9|          2|    2|          4|
    |pool1_pad_0_V_address0                       |  33|          6|   20|        120|
    |pool1_pad_0_V_address1                       |  21|          4|   20|         80|
    |reg_1367                                     |   9|          2|    5|         10|
    |reg_1372                                     |   9|          2|    5|         10|
    |reg_1377                                     |   9|          2|    5|         10|
    |reg_1382                                     |   9|          2|    5|         10|
    |reg_1387                                     |   9|          2|    4|          8|
    |relu1_0_V_address0                           |  15|          3|   20|         60|
    |weight_conv1_0_V_address0                    |  33|          6|    8|         48|
    |weight_conv1_0_V_address1                    |  27|          5|    8|         40|
    |weight_conv1_1_V_address0                    |  33|          6|    8|         48|
    |weight_conv1_1_V_address1                    |  27|          5|    8|         40|
    |weight_conv1_2_V_address0                    |  33|          6|    8|         48|
    |weight_conv1_2_V_address1                    |  27|          5|    8|         40|
    |xx_reuse_0_0_reg_1180                        |   9|          2|    9|         18|
    |yy_reuse_0_0_reg_1169                        |   9|          2|    8|         16|
    +---------------------------------------------+----+-----------+-----+-----------+
    |Total                                        | 981|        204|  699|       1833|
    +---------------------------------------------+----+-----------+-----+-----------+

    * Register: 
    +-----------------------------------------------+----+----+-----+-----------+
    |                      Name                     | FF | LUT| Bits| Const Bits|
    +-----------------------------------------------+----+----+-----+-----------+
    |add_ln103_1_reg_7163                           |  12|   0|   13|          1|
    |add_ln103_2_reg_7180                           |  57|   0|   64|          7|
    |add_ln103_3_reg_7169                           |  12|   0|   13|          1|
    |add_ln103_6_reg_7212                           |  63|   0|   64|          1|
    |add_ln103_8_reg_7222                           |  63|   0|   64|          1|
    |add_ln103_8_reg_7222_pp4_iter1_reg             |  63|   0|   64|          1|
    |add_ln103_9_reg_7228                           |  64|   0|   64|          0|
    |add_ln107_3_reg_7270                           |  19|   0|   19|          0|
    |add_ln17_reg_5822                              |   8|   0|    8|          0|
    |add_ln203_6_reg_6435                           |  18|   0|   18|          0|
    |add_ln203_reg_5910                             |  10|   0|   10|          0|
    |add_ln20_1_reg_5777                            |  11|   0|   17|          6|
    |add_ln29_1_reg_6151                            |  20|   0|   20|          0|
    |add_ln29_reg_6156                              |   5|   0|    5|          0|
    |add_ln30_1_reg_6257                            |  17|   0|   17|          0|
    |add_ln31_reg_6609                              |   9|   0|    9|          0|
    |add_ln356_3_reg_7105                           |  21|   0|   21|          0|
    |add_ln60_5_reg_6420                            |  15|   0|   21|          6|
    |add_ln60_6_reg_6604                            |  21|   0|   21|          0|
    |add_ln60_6_reg_6604_pp1_iter1_reg              |  21|   0|   21|          0|
    |add_ln60_reg_6142                              |   9|   0|    9|          0|
    |add_ln703_13_reg_6534                          |  15|   0|   15|          0|
    |add_ln703_14_reg_6589                          |  15|   0|   15|          0|
    |add_ln703_17_reg_6649                          |  16|   0|   16|          0|
    |add_ln703_18_reg_6594                          |  15|   0|   15|          0|
    |add_ln703_20_reg_6599                          |  15|   0|   15|          0|
    |add_ln703_23_reg_6654                          |  16|   0|   16|          0|
    |add_ln703_25_reg_6659                          |  16|   0|   16|          0|
    |add_ln703_3_reg_6529                           |  15|   0|   15|          0|
    |add_ln703_4_reg_6629                           |  16|   0|   16|          0|
    |add_ln703_6_reg_6634                           |  15|   0|   15|          0|
    |add_ln703_7_reg_6639                           |  15|   0|   15|          0|
    |add_ln703_9_reg_6644                           |  16|   0|   16|          0|
    |add_ln703_reg_6584                             |  15|   0|   15|          0|
    |add_ln92_1_reg_7124                            |  18|   0|   18|          0|
    |add_ln93_1_reg_7175                            |  15|   0|   15|          0|
    |add_ln93_reg_7151                              |   7|   0|    7|          0|
    |add_ln944_3_reg_6958                           |  32|   0|   32|          0|
    |add_ln944_reg_6863                             |  32|   0|   32|          0|
    |add_ln94_reg_7207                              |   8|   0|    8|          0|
    |add_ln961_3_reg_6979                           |  64|   0|   64|          0|
    |add_ln961_reg_6884                             |  64|   0|   64|          0|
    |and_ln103_reg_7146                             |   1|   0|    1|          0|
    |and_ln20_2_reg_5856                            |   1|   0|    1|          0|
    |and_ln20_4_reg_5815                            |   1|   0|    1|          0|
    |and_ln20_reg_5772                              |   1|   0|    1|          0|
    |and_ln56_1_reg_6211                            |   1|   0|    1|          0|
    |and_ln581_reg_7046                             |   1|   0|    1|          0|
    |and_ln603_reg_7056                             |   1|   0|    1|          0|
    |ap_CS_fsm                                      |  18|   0|   18|          0|
    |ap_enable_reg_pp0_iter0                        |   1|   0|    1|          0|
    |ap_enable_reg_pp0_iter1                        |   1|   0|    1|          0|
    |ap_enable_reg_pp0_iter10                       |   1|   0|    1|          0|
    |ap_enable_reg_pp0_iter11                       |   1|   0|    1|          0|
    |ap_enable_reg_pp0_iter12                       |   1|   0|    1|          0|
    |ap_enable_reg_pp0_iter13                       |   1|   0|    1|          0|
    |ap_enable_reg_pp0_iter14                       |   1|   0|    1|          0|
    |ap_enable_reg_pp0_iter15                       |   1|   0|    1|          0|
    |ap_enable_reg_pp0_iter16                       |   1|   0|    1|          0|
    |ap_enable_reg_pp0_iter17                       |   1|   0|    1|          0|
    |ap_enable_reg_pp0_iter18                       |   1|   0|    1|          0|
    |ap_enable_reg_pp0_iter19                       |   1|   0|    1|          0|
    |ap_enable_reg_pp0_iter2                        |   1|   0|    1|          0|
    |ap_enable_reg_pp0_iter20                       |   1|   0|    1|          0|
    |ap_enable_reg_pp0_iter21                       |   1|   0|    1|          0|
    |ap_enable_reg_pp0_iter22                       |   1|   0|    1|          0|
    |ap_enable_reg_pp0_iter23                       |   1|   0|    1|          0|
    |ap_enable_reg_pp0_iter24                       |   1|   0|    1|          0|
    |ap_enable_reg_pp0_iter3                        |   1|   0|    1|          0|
    |ap_enable_reg_pp0_iter4                        |   1|   0|    1|          0|
    |ap_enable_reg_pp0_iter5                        |   1|   0|    1|          0|
    |ap_enable_reg_pp0_iter6                        |   1|   0|    1|          0|
    |ap_enable_reg_pp0_iter7                        |   1|   0|    1|          0|
    |ap_enable_reg_pp0_iter8                        |   1|   0|    1|          0|
    |ap_enable_reg_pp0_iter9                        |   1|   0|    1|          0|
    |ap_enable_reg_pp1_iter0                        |   1|   0|    1|          0|
    |ap_enable_reg_pp1_iter1                        |   1|   0|    1|          0|
    |ap_enable_reg_pp1_iter2                        |   1|   0|    1|          0|
    |ap_enable_reg_pp2_iter0                        |   1|   0|    1|          0|
    |ap_enable_reg_pp2_iter1                        |   1|   0|    1|          0|
    |ap_enable_reg_pp2_iter10                       |   1|   0|    1|          0|
    |ap_enable_reg_pp2_iter11                       |   1|   0|    1|          0|
    |ap_enable_reg_pp2_iter12                       |   1|   0|    1|          0|
    |ap_enable_reg_pp2_iter13                       |   1|   0|    1|          0|
    |ap_enable_reg_pp2_iter14                       |   1|   0|    1|          0|
    |ap_enable_reg_pp2_iter15                       |   1|   0|    1|          0|
    |ap_enable_reg_pp2_iter16                       |   1|   0|    1|          0|
    |ap_enable_reg_pp2_iter17                       |   1|   0|    1|          0|
    |ap_enable_reg_pp2_iter18                       |   1|   0|    1|          0|
    |ap_enable_reg_pp2_iter19                       |   1|   0|    1|          0|
    |ap_enable_reg_pp2_iter2                        |   1|   0|    1|          0|
    |ap_enable_reg_pp2_iter3                        |   1|   0|    1|          0|
    |ap_enable_reg_pp2_iter4                        |   1|   0|    1|          0|
    |ap_enable_reg_pp2_iter5                        |   1|   0|    1|          0|
    |ap_enable_reg_pp2_iter6                        |   1|   0|    1|          0|
    |ap_enable_reg_pp2_iter7                        |   1|   0|    1|          0|
    |ap_enable_reg_pp2_iter8                        |   1|   0|    1|          0|
    |ap_enable_reg_pp2_iter9                        |   1|   0|    1|          0|
    |ap_enable_reg_pp3_iter0                        |   1|   0|    1|          0|
    |ap_enable_reg_pp3_iter1                        |   1|   0|    1|          0|
    |ap_enable_reg_pp3_iter2                        |   1|   0|    1|          0|
    |ap_enable_reg_pp3_iter3                        |   1|   0|    1|          0|
    |ap_enable_reg_pp4_iter0                        |   1|   0|    1|          0|
    |ap_enable_reg_pp4_iter1                        |   1|   0|    1|          0|
    |ap_enable_reg_pp4_iter2                        |   1|   0|    1|          0|
    |ap_phi_reg_pp0_iter10_p_0525_1_0_reg_1122      |   8|   0|    8|          0|
    |ap_phi_reg_pp0_iter11_p_0525_1_0_reg_1122      |   8|   0|    8|          0|
    |ap_phi_reg_pp0_iter12_p_0525_1_0_reg_1122      |   8|   0|    8|          0|
    |ap_phi_reg_pp0_iter13_p_0525_1_0_reg_1122      |   8|   0|    8|          0|
    |ap_phi_reg_pp0_iter14_p_0525_1_0_reg_1122      |   8|   0|    8|          0|
    |ap_phi_reg_pp0_iter15_p_0525_1_0_reg_1122      |   8|   0|    8|          0|
    |ap_phi_reg_pp0_iter16_p_0525_1_0_reg_1122      |   8|   0|    8|          0|
    |ap_phi_reg_pp0_iter17_p_0525_1_0_reg_1122      |   8|   0|    8|          0|
    |ap_phi_reg_pp0_iter18_p_0525_1_0_reg_1122      |   8|   0|    8|          0|
    |ap_phi_reg_pp0_iter19_p_0525_1_0_reg_1122      |   8|   0|    8|          0|
    |ap_phi_reg_pp0_iter1_p_0525_1_0_reg_1122       |   8|   0|    8|          0|
    |ap_phi_reg_pp0_iter20_p_0525_1_0_reg_1122      |   8|   0|    8|          0|
    |ap_phi_reg_pp0_iter21_p_0525_1_0_reg_1122      |   8|   0|    8|          0|
    |ap_phi_reg_pp0_iter22_p_0525_1_0_reg_1122      |   8|   0|    8|          0|
    |ap_phi_reg_pp0_iter23_p_0525_1_0_reg_1122      |   8|   0|    8|          0|
    |ap_phi_reg_pp0_iter24_p_0525_1_0_reg_1122      |   8|   0|    8|          0|
    |ap_phi_reg_pp0_iter2_p_0525_1_0_reg_1122       |   8|   0|    8|          0|
    |ap_phi_reg_pp0_iter3_p_0525_1_0_reg_1122       |   8|   0|    8|          0|
    |ap_phi_reg_pp0_iter4_p_0525_1_0_reg_1122       |   8|   0|    8|          0|
    |ap_phi_reg_pp0_iter5_p_0525_1_0_reg_1122       |   8|   0|    8|          0|
    |ap_phi_reg_pp0_iter6_p_0525_1_0_reg_1122       |   8|   0|    8|          0|
    |ap_phi_reg_pp0_iter7_p_0525_1_0_reg_1122       |   8|   0|    8|          0|
    |ap_phi_reg_pp0_iter8_p_0525_1_0_reg_1122       |   8|   0|    8|          0|
    |ap_phi_reg_pp0_iter9_p_0525_1_0_reg_1122       |   8|   0|    8|          0|
    |args01_0_0_reg_1312                            |   5|   0|    5|          0|
    |args0_0_0_reg_1213                             |   5|   0|    5|          0|
    |args11_0_0_reg_1334                            |   7|   0|    7|          0|
    |args1_0_0_reg_1224                             |   8|   0|    8|          0|
    |args21_0_0_reg_1345                            |   8|   0|    8|          0|
    |args2_0_0_reg_1235                             |   9|   0|    9|          0|
    |conv1_0_load_reg_6909                          |  32|   0|   32|          0|
    |conv1_line_buffer_0_10_reg_6247                |   9|   0|    9|          0|
    |conv1_line_buffer_0_11_reg_6252                |   9|   0|    9|          0|
    |conv1_line_buffer_0_6_reg_6227                 |   9|   0|    9|          0|
    |conv1_line_buffer_0_7_reg_6232                 |   9|   0|    9|          0|
    |conv1_line_buffer_0_8_reg_6237                 |   9|   0|    9|          0|
    |conv1_line_buffer_0_9_reg_6242                 |   9|   0|    9|          0|
    |conv1_pad_0_V_addr_reg_5915                    |  18|   0|   18|          0|
    |conv1_pad_0_V_addr_reg_5915_pp0_iter23_reg     |  18|   0|   18|          0|
    |conv1_window_buffer_10_fu_498                  |   8|   0|    8|          0|
    |conv1_window_buffer_11_fu_502                  |   8|   0|    8|          0|
    |conv1_window_buffer_12_fu_506                  |   8|   0|    8|          0|
    |conv1_window_buffer_13_fu_510                  |   8|   0|    8|          0|
    |conv1_window_buffer_14_fu_514                  |   8|   0|    8|          0|
    |conv1_window_buffer_15_fu_518                  |   8|   0|    8|          0|
    |conv1_window_buffer_16_fu_522                  |   8|   0|    8|          0|
    |conv1_window_buffer_17_fu_526                  |   8|   0|    8|          0|
    |conv1_window_buffer_18_reg_6333                |   8|   0|    8|          0|
    |conv1_window_buffer_19_reg_6339                |   8|   0|    8|          0|
    |conv1_window_buffer_1_fu_462                   |   8|   0|    8|          0|
    |conv1_window_buffer_20_reg_6504                |   8|   0|    8|          0|
    |conv1_window_buffer_21_reg_6345                |   8|   0|    8|          0|
    |conv1_window_buffer_22_reg_6351                |   8|   0|    8|          0|
    |conv1_window_buffer_23_reg_6509                |   8|   0|    8|          0|
    |conv1_window_buffer_24_reg_6357                |   8|   0|    8|          0|
    |conv1_window_buffer_25_reg_6363                |   8|   0|    8|          0|
    |conv1_window_buffer_26_reg_6569                |   8|   0|    8|          0|
    |conv1_window_buffer_27_reg_6043                |   8|   0|    8|          0|
    |conv1_window_buffer_28_reg_6049                |   8|   0|    8|          0|
    |conv1_window_buffer_29_reg_6054                |   8|   0|    8|          0|
    |conv1_window_buffer_29_reg_6054_pp1_iter1_reg  |   8|   0|    8|          0|
    |conv1_window_buffer_2_fu_466                   |   8|   0|    8|          0|
    |conv1_window_buffer_30_reg_6060                |   8|   0|    8|          0|
    |conv1_window_buffer_31_reg_6065                |   8|   0|    8|          0|
    |conv1_window_buffer_32_reg_6071                |   8|   0|    8|          0|
    |conv1_window_buffer_33_reg_6076                |   8|   0|    8|          0|
    |conv1_window_buffer_34_reg_6082                |   8|   0|    8|          0|
    |conv1_window_buffer_35_reg_6087                |   8|   0|    8|          0|
    |conv1_window_buffer_36_reg_6093                |   8|   0|    8|          0|
    |conv1_window_buffer_37_reg_6098                |   8|   0|    8|          0|
    |conv1_window_buffer_38_reg_6104                |   8|   0|    8|          0|
    |conv1_window_buffer_39_reg_6109                |   8|   0|    8|          0|
    |conv1_window_buffer_3_fu_470                   |   8|   0|    8|          0|
    |conv1_window_buffer_40_reg_6115                |   8|   0|    8|          0|
    |conv1_window_buffer_40_reg_6115_pp1_iter1_reg  |   8|   0|    8|          0|
    |conv1_window_buffer_41_reg_6120                |   8|   0|    8|          0|
    |conv1_window_buffer_42_reg_6126                |   8|   0|    8|          0|
    |conv1_window_buffer_43_reg_6131                |   8|   0|    8|          0|
    |conv1_window_buffer_44_reg_6137                |   8|   0|    8|          0|
    |conv1_window_buffer_4_fu_474                   |   8|   0|    8|          0|
    |conv1_window_buffer_5_fu_478                   |   8|   0|    8|          0|
    |conv1_window_buffer_6_fu_482                   |   8|   0|    8|          0|
    |conv1_window_buffer_7_fu_486                   |   8|   0|    8|          0|
    |conv1_window_buffer_8_fu_490                   |   8|   0|    8|          0|
    |conv1_window_buffer_9_fu_494                   |   8|   0|    8|          0|
    |conv1_window_buffer_s_fu_458                   |   8|   0|    8|          0|
    |ff_0_0_reg_1146                                |   5|   0|    5|          0|
    |i1_0_0_reg_1290                                |   9|   0|    9|          0|
    |i_0_0_reg_1111                                 |   9|   0|    9|          0|
    |icmp_ln16_reg_5782                             |   1|   0|    1|          0|
    |icmp_ln17_reg_5791                             |   1|   0|    1|          0|
    |icmp_ln29_reg_6147                             |   1|   0|    1|          0|
    |icmp_ln30_reg_6161                             |   1|   0|    1|          0|
    |icmp_ln39_reg_6206                             |   1|   0|    1|          0|
    |icmp_ln48_reg_6440                             |   1|   0|    1|          0|
    |icmp_ln48_reg_6440_pp1_iter1_reg               |   1|   0|    1|          0|
    |icmp_ln571_reg_7020                            |   1|   0|    1|          0|
    |icmp_ln585_reg_7041                            |   1|   0|    1|          0|
    |icmp_ln69_reg_6731                             |   1|   0|    1|          0|
    |icmp_ln70_reg_6740                             |   1|   0|    1|          0|
    |icmp_ln82_reg_7068                             |   1|   0|    1|          0|
    |icmp_ln92_reg_7120                             |   1|   0|    1|          0|
    |icmp_ln935_1_reg_6672                          |   1|   0|    1|          0|
    |icmp_ln935_3_reg_6914                          |   1|   0|    1|          0|
    |icmp_ln935_4_reg_6819                          |   1|   0|    1|          0|
    |icmp_ln935_5_reg_6924                          |   1|   0|    1|          0|
    |icmp_ln935_reg_6809                            |   1|   0|    1|          0|
    |icmp_ln93_reg_7129                             |   1|   0|    1|          0|
    |icmp_ln958_1_reg_6706                          |   1|   0|    1|          0|
    |icmp_ln958_2_reg_7305                          |   1|   0|    1|          0|
    |index_tuple1_0_0_reg_1279                      |   8|   0|    8|          0|
    |index_tuple_0_0_reg_1100                       |   8|   0|    8|          0|
    |indvar_flatten132_reg_1135                     |  20|   0|   20|          0|
    |indvar_flatten144_reg_1202                     |  17|   0|   17|          0|
    |indvar_flatten160_reg_1191                     |  20|   0|   20|          0|
    |indvar_flatten172_reg_1268                     |  17|   0|   17|          0|
    |indvar_flatten186_reg_1246                     |  20|   0|   20|          0|
    |indvar_flatten198_reg_1323                     |  15|   0|   15|          0|
    |indvar_flatten222_reg_1301                     |  18|   0|   18|          0|
    |indvar_flatten35_reg_1067                      |  18|   0|   18|          0|
    |indvar_flatten47_reg_1158                      |  17|   0|   17|          0|
    |indvar_flatten_reg_1089                        |  17|   0|   17|          0|
    |l_1_reg_7284                                   |  32|   0|   32|          0|
    |l_2_reg_6685                                   |  32|   0|   32|          0|
    |lshr_ln962_1_reg_6711                          |  63|   0|   63|          0|
    |mul_ln203_2_reg_6313                           |  18|   0|   18|          0|
    |mul_ln20_1_reg_5804                            |   6|   0|   17|         11|
    |mul_ln20_reg_5762                              |   6|   0|   17|         11|
    |mul_ln703_10_reg_6449                          |  13|   0|   14|          1|
    |mul_ln703_15_reg_6574                          |  13|   0|   14|          1|
    |mul_ln703_16_reg_6579                          |  13|   0|   14|          1|
    |mul_ln703_17_reg_6619                          |  13|   0|   14|          1|
    |mul_ln703_1_reg_6444                           |  13|   0|   14|          1|
    |mul_ln703_21_reg_6454                          |  13|   0|   14|          1|
    |mul_ln703_23_reg_6524                          |  13|   0|   14|          1|
    |mul_ln703_26_reg_6624                          |  13|   0|   14|          1|
    |mul_ln703_5_reg_6514                           |  13|   0|   14|          1|
    |mul_ln703_6_reg_6519                           |  13|   0|   14|          1|
    |not_zero1_0_0_reg_1257                         |   5|   0|    5|          0|
    |not_zero_0_0_reg_1078                          |   2|   0|    2|          0|
    |or_ln103_reg_7196                              |   8|   0|    9|          1|
    |or_ln949_1_reg_7300                            |   1|   0|   32|         31|
    |or_ln949_s_reg_6701                            |   1|   0|   32|         31|
    |p_Result_14_reg_7010                           |  11|   0|   11|          0|
    |p_Result_2_reg_6942                            |  26|   0|   26|          0|
    |p_Result_s_reg_6837                            |  14|   0|   14|          0|
    |pool1_pad_0_V_load_6_reg_7275                  |   4|   0|    4|          0|
    |reg_1367                                       |   5|   0|    5|          0|
    |reg_1372                                       |   5|   0|    5|          0|
    |reg_1377                                       |   5|   0|    5|          0|
    |reg_1382                                       |   5|   0|    5|          0|
    |reg_1387                                       |   4|   0|    4|          0|
    |select_ln103_1_reg_7139                        |   5|   0|    5|          0|
    |select_ln103_1_reg_7139_pp4_iter1_reg          |   5|   0|    5|          0|
    |select_ln103_reg_7134                          |   7|   0|    7|          0|
    |select_ln17_1_reg_5840                         |   8|   0|    8|          0|
    |select_ln17_reg_5830                           |   9|   0|    9|          0|
    |select_ln20_1_reg_5798                         |   2|   0|    2|          0|
    |select_ln20_7_reg_5898                         |  20|   0|   20|          0|
    |select_ln20_9_reg_5903                         |  20|   0|   20|          0|
    |select_ln251_1_reg_7250                        |  64|   0|   64|          0|
    |select_ln30_1_reg_6308                         |   8|   0|    8|          0|
    |select_ln30_2_reg_6324                         |   1|   0|    1|          0|
    |select_ln30_3_reg_6328                         |   9|   0|    9|          0|
    |select_ln30_4_reg_6614                         |  17|   0|   17|          0|
    |select_ln30_reg_6218                           |   9|   0|    9|          0|
    |select_ln56_1_reg_6369                         |   5|   0|    5|          0|
    |select_ln56_2_reg_6174                         |   9|   0|    9|          0|
    |select_ln56_reg_6168                           |   8|   0|    8|          0|
    |select_ln570_reg_7026                          |  54|   0|   54|          0|
    |select_ln581_reg_7031                          |  12|   0|   12|          0|
    |select_ln585_reg_7051                          |  16|   0|   16|          0|
    |select_ln603_reg_7061                          |  16|   0|   16|          0|
    |select_ln74_1_reg_6774                         |   5|   0|    5|          0|
    |select_ln74_5_reg_6934                         |  26|   0|   26|          0|
    |select_ln74_5_reg_6934_pp2_iter7_reg           |  26|   0|   26|          0|
    |select_ln74_7_reg_6829                         |  14|   0|   14|          0|
    |select_ln74_7_reg_6829_pp2_iter3_reg           |  14|   0|   14|          0|
    |select_ln74_8_reg_6784                         |   9|   0|    9|          0|
    |select_ln74_9_reg_6789                         |   8|   0|    8|          0|
    |select_ln86_1_reg_7077                         |   5|   0|    5|          0|
    |select_ln86_2_reg_7084                         |   9|   0|    9|          0|
    |select_ln86_3_reg_7089                         |   8|   0|    8|          0|
    |select_ln935_1_reg_6994                        |  32|   0|   32|          0|
    |select_ln935_3_reg_7310                        |  32|   0|   32|          0|
    |select_ln935_reg_6904                          |  32|   0|   32|          0|
    |select_ln938_1_reg_6677                        |  16|   0|   16|          0|
    |select_ln93_1_reg_7234                         |   7|   0|    7|          0|
    |select_ln93_4_reg_7245                         |  15|   0|   15|          0|
    |select_ln93_reg_7156                           |   8|   0|    8|          0|
    |select_ln93_reg_7156_pp4_iter1_reg             |   8|   0|    8|          0|
    |select_ln964_3_reg_6716                        |   1|   0|    8|          7|
    |sext_ln56_27_reg_6267                          |  64|   0|   64|          0|
    |sext_ln56_28_reg_6278                          |  64|   0|   64|          0|
    |sext_ln56_29_reg_6374                          |  64|   0|   64|          0|
    |sext_ln56_31_reg_6384                          |  64|   0|   64|          0|
    |shl_ln103_1_reg_7185                           |   8|   0|    9|          1|
    |shl_ln_reg_5767                                |   8|   0|   16|          8|
    |sub_ln20_reg_5865                              |  19|   0|   19|          0|
    |sub_ln944_1_reg_6695                           |  32|   0|   32|          0|
    |sub_ln944_2_reg_7294                           |  32|   0|   32|          0|
    |sub_ln944_3_reg_6947                           |  32|   0|   32|          0|
    |sub_ln944_reg_6852                             |  32|   0|   32|          0|
    |sub_ln947_1_reg_6969                           |   5|   0|    5|          0|
    |sub_ln947_reg_6874                             |   4|   0|    4|          0|
    |tmp1_reg_6989                                  |  32|   0|   32|          0|
    |tmp_13_reg_5870                                |   1|   0|    1|          0|
    |tmp_13_reg_5870_pp0_iter2_reg                  |   1|   0|    1|          0|
    |tmp_24_reg_5883                                |  13|   0|   13|          0|
    |tmp_26_reg_5893                                |   6|   0|    6|          0|
    |tmp_31_reg_6919                                |   1|   0|    1|          0|
    |tmp_35_reg_6814                                |   1|   0|    1|          0|
    |tmp_43_reg_6929                                |   1|   0|    1|          0|
    |tmp_44_reg_6824                                |   1|   0|    1|          0|
    |tmp_45_reg_6869                                |  31|   0|   31|          0|
    |tmp_47_reg_6889                                |   1|   0|    1|          0|
    |tmp_48_reg_6964                                |  31|   0|   31|          0|
    |tmp_50_reg_6984                                |   1|   0|    1|          0|
    |tmp_51_reg_7005                                |   1|   0|    1|          0|
    |tmp_55_reg_6666                                |   1|   0|    1|          0|
    |trunc_ln203_reg_6319                           |  17|   0|   17|          0|
    |trunc_ln20_1_reg_5888                          |  39|   0|   39|          0|
    |trunc_ln20_2_reg_5920                          |  11|   0|   11|          0|
    |trunc_ln20_3_reg_5925                          |  13|   0|   13|          0|
    |trunc_ln20_reg_5878                            |  40|   0|   40|          0|
    |trunc_ln565_reg_7015                           |  52|   0|   52|          0|
    |trunc_ln583_reg_7036                           |  16|   0|   16|          0|
    |trunc_ln74_1_reg_6799                          |  15|   0|   15|          0|
    |trunc_ln74_reg_6794                            |  13|   0|   13|          0|
    |trunc_ln943_1_reg_6974                         |   8|   0|    8|          0|
    |trunc_ln943_1_reg_6974_pp2_iter8_reg           |   8|   0|    8|          0|
    |trunc_ln943_2_reg_6690                         |   8|   0|    8|          0|
    |trunc_ln943_3_reg_7289                         |   8|   0|    8|          0|
    |trunc_ln943_reg_6879                           |   8|   0|    8|          0|
    |trunc_ln943_reg_6879_pp2_iter4_reg             |   8|   0|    8|          0|
    |trunc_ln944_1_reg_6953                         |  26|   0|   26|          0|
    |trunc_ln944_reg_6858                           |  14|   0|   14|          0|
    |v_assign_reg_6999                              |  32|   0|   32|          0|
    |weight_conv1_1_V_lo_3_reg_6395                 |   5|   0|    5|          0|
    |weight_conv1_1_V_lo_4_reg_6469                 |   5|   0|    5|          0|
    |weight_conv1_1_V_lo_5_reg_6474                 |   5|   0|    5|          0|
    |weight_conv1_2_V_lo_reg_6293                   |   5|   0|    5|          0|
    |xor_ln20_reg_5810                              |   1|   0|    1|          0|
    |xor_ln56_reg_6201                              |   1|   0|    1|          0|
    |xx_reuse_0_0_reg_1180                          |   9|   0|    9|          0|
    |yy_reuse_0_0_reg_1169                          |   8|   0|    8|          0|
    |zext_ln20_4_reg_5860                           |   9|   0|   19|         10|
    |zext_ln356_4_reg_7110                          |  21|   0|   64|         43|
    |zext_ln74_10_reg_6842                          |  21|   0|   64|         43|
    |zext_ln74_1_reg_6769                           |   5|   0|   64|         59|
    |zext_ln74_reg_6759                             |   5|   0|   64|         59|
    |and_ln20_2_reg_5856                            |  64|  32|    1|          0|
    |icmp_ln16_reg_5782                             |  64|  32|    1|          0|
    |icmp_ln69_reg_6731                             |  64|  32|    1|          0|
    |icmp_ln70_reg_6740                             |  64|  32|    1|          0|
    |icmp_ln82_reg_7068                             |  64|  32|    1|          0|
    |icmp_ln92_reg_7120                             |  64|  32|    1|          0|
    |icmp_ln935_3_reg_6914                          |  64|  32|    1|          0|
    |icmp_ln935_4_reg_6819                          |  64|  32|    1|          0|
    |icmp_ln935_5_reg_6924                          |  64|  32|    1|          0|
    |icmp_ln935_reg_6809                            |  64|  32|    1|          0|
    |select_ln17_1_reg_5840                         |  64|  32|    8|          0|
    |select_ln17_reg_5830                           |  64|  32|    9|          0|
    |select_ln20_1_reg_5798                         |  64|  32|    2|          0|
    |select_ln20_9_reg_5903                         |  64|  32|   20|          0|
    |select_ln30_2_reg_6324                         |  64|  32|    1|          0|
    |tmp_31_reg_6919                                |  64|  32|    1|          0|
    |tmp_35_reg_6814                                |  64|  32|    1|          0|
    |tmp_43_reg_6929                                |  64|  32|    1|          0|
    |tmp_44_reg_6824                                |  64|  32|    1|          0|
    |v_assign_reg_6999                              |  64|  32|   32|          0|
    |zext_ln20_4_reg_5860                           |  64|  32|   19|         10|
    |zext_ln74_10_reg_6842                          |  64|  32|   64|         43|
    |zext_ln74_1_reg_6769                           |  64|  32|   64|         59|
    |zext_ln74_reg_6759                             |  64|  32|   64|         59|
    +-----------------------------------------------+----+----+-----+-----------+
    |Total                                          |5514| 768| 4624|        520|
    +-----------------------------------------------+----+----+-----+-----------+



================================================================
== Interface
================================================================
* Summary: 
+---------------------------+-----+-----+------------+------------------+--------------+
|         RTL Ports         | Dir | Bits|  Protocol  |   Source Object  |    C Type    |
+---------------------------+-----+-----+------------+------------------+--------------+
|ap_clk                     |  in |    1| ap_ctrl_hs |       test       | return value |
|ap_rst                     |  in |    1| ap_ctrl_hs |       test       | return value |
|ap_start                   |  in |    1| ap_ctrl_hs |       test       | return value |
|ap_done                    | out |    1| ap_ctrl_hs |       test       | return value |
|ap_idle                    | out |    1| ap_ctrl_hs |       test       | return value |
|ap_ready                   | out |    1| ap_ctrl_hs |       test       | return value |
|input_image_V_address0     | out |   18|  ap_memory |   input_image_V  |     array    |
|input_image_V_ce0          | out |    1|  ap_memory |   input_image_V  |     array    |
|input_image_V_q0           |  in |    8|  ap_memory |   input_image_V  |     array    |
|weight_conv1_0_V_address0  | out |    8|  ap_memory | weight_conv1_0_V |     array    |
|weight_conv1_0_V_ce0       | out |    1|  ap_memory | weight_conv1_0_V |     array    |
|weight_conv1_0_V_q0        |  in |    5|  ap_memory | weight_conv1_0_V |     array    |
|weight_conv1_0_V_address1  | out |    8|  ap_memory | weight_conv1_0_V |     array    |
|weight_conv1_0_V_ce1       | out |    1|  ap_memory | weight_conv1_0_V |     array    |
|weight_conv1_0_V_q1        |  in |    5|  ap_memory | weight_conv1_0_V |     array    |
|weight_conv1_1_V_address0  | out |    8|  ap_memory | weight_conv1_1_V |     array    |
|weight_conv1_1_V_ce0       | out |    1|  ap_memory | weight_conv1_1_V |     array    |
|weight_conv1_1_V_q0        |  in |    5|  ap_memory | weight_conv1_1_V |     array    |
|weight_conv1_1_V_address1  | out |    8|  ap_memory | weight_conv1_1_V |     array    |
|weight_conv1_1_V_ce1       | out |    1|  ap_memory | weight_conv1_1_V |     array    |
|weight_conv1_1_V_q1        |  in |    5|  ap_memory | weight_conv1_1_V |     array    |
|weight_conv1_2_V_address0  | out |    8|  ap_memory | weight_conv1_2_V |     array    |
|weight_conv1_2_V_ce0       | out |    1|  ap_memory | weight_conv1_2_V |     array    |
|weight_conv1_2_V_q0        |  in |    5|  ap_memory | weight_conv1_2_V |     array    |
|weight_conv1_2_V_address1  | out |    8|  ap_memory | weight_conv1_2_V |     array    |
|weight_conv1_2_V_ce1       | out |    1|  ap_memory | weight_conv1_2_V |     array    |
|weight_conv1_2_V_q1        |  in |    5|  ap_memory | weight_conv1_2_V |     array    |
|a_batchnorm1_V_address0    | out |    4|  ap_memory |  a_batchnorm1_V  |     array    |
|a_batchnorm1_V_ce0         | out |    1|  ap_memory |  a_batchnorm1_V  |     array    |
|a_batchnorm1_V_q0          |  in |   14|  ap_memory |  a_batchnorm1_V  |     array    |
|a_batchnorm1_V_address1    | out |    4|  ap_memory |  a_batchnorm1_V  |     array    |
|a_batchnorm1_V_ce1         | out |    1|  ap_memory |  a_batchnorm1_V  |     array    |
|a_batchnorm1_V_q1          |  in |   14|  ap_memory |  a_batchnorm1_V  |     array    |
|b_batchnorm1_V_address0    | out |    4|  ap_memory |  b_batchnorm1_V  |     array    |
|b_batchnorm1_V_ce0         | out |    1|  ap_memory |  b_batchnorm1_V  |     array    |
|b_batchnorm1_V_q0          |  in |   26|  ap_memory |  b_batchnorm1_V  |     array    |
|b_batchnorm1_V_address1    | out |    4|  ap_memory |  b_batchnorm1_V  |     array    |
|b_batchnorm1_V_ce1         | out |    1|  ap_memory |  b_batchnorm1_V  |     array    |
|b_batchnorm1_V_q1          |  in |   26|  ap_memory |  b_batchnorm1_V  |     array    |
|result_address0            | out |   18|  ap_memory |      result      |     array    |
|result_ce0                 | out |    1|  ap_memory |      result      |     array    |
|result_we0                 | out |    1|  ap_memory |      result      |     array    |
|result_d0                  | out |   32|  ap_memory |      result      |     array    |
+---------------------------+-----+-----+------------+------------------+--------------+

