#-----------------------------------------------------------
# Vivado v2019.2.1 (64-bit)
# SW Build 2729669 on Thu Dec  5 04:48:12 MST 2019
# IP Build 2729494 on Thu Dec  5 07:38:25 MST 2019
# Start of session at: Sat Dec 10 18:31:04 2022
# Process ID: 30206
# Current directory: /work/shared/users/meng/sjz38/tmp/my_ultranet/hls_projects/main-deploy/build_vivado
# Command line: vivado
# Log file: /work/shared/users/meng/sjz38/tmp/my_ultranet/hls_projects/main-deploy/build_vivado/vivado.log
# Journal file: /work/shared/users/meng/sjz38/tmp/my_ultranet/hls_projects/main-deploy/build_vivado/vivado.jou
#-----------------------------------------------------------
start_gui
open_project /work/shared/users/meng/sjz38/tmp/my_ultranet/hls_projects/main-deploy/build_vivado/project_dataflow/project_dataflow.xpr
update_compile_order -fileset sources_1
open_bd_design {/work/shared/users/meng/sjz38/tmp/my_ultranet/hls_projects/main-deploy/build_vivado/project_dataflow/project_dataflow.srcs/sources_1/bd/design_1/design_1.bd}
